// Jest Snapshot v1, https://goo.gl/fbAQLP

exports[`<Main/> should render the heading 1`] = `
<main
  class="sc-braxZu hCvKmL"
>
  <h1>
    React Avan√ßado
  </h1>
</main>
`;
